
t@8d9118805b26:/# cd alx-system_engineering-devops
root@8d9118805b26:/alx-system_engineering-devops# s
bash: s: command not found
root@8d9118805b26:/alx-system_engineering-devops# ls
0x00-shell_basics  0x01-shell_permissions  0x02-shell_redirections  0x03-shell_v
root@8d9118805b26:/alx-system_engineering-devops# cd ..
root@8d9118805b26:/# cd alx-low_level_programming
#include "main.h"
#include <stdlib.h>
/**
 * argstostr - main entry
 * @ac: int input
 * @av: double pointer array
 * Return: 0
 */
char *argstostr(int ac, char **av)
{
	int i, n, r = 0, l = 0;
	char *str;

	if (ac == 0 || av == NULL)
		return (NULL);

	for (i = 0; i < ac; i++)
	{
		for (n = 0; av[i][n]; n++)
			l++;
	}
	l += ac;

	str = malloc(sizeof(char) * l + 1);
	if (str == NULL)
		return (NULL);
	for (i = 0; i < ac; i++)
	{
	for (n = 0; av[i][n]; n++)
	{
		str[r] = av[i][n];
		r++;
	}
	if (str[r] == '\0')
	{
		str[r++] = '\n';
	}
	
